---
source: src/parsing/snapshot_tests.rs
expression: doc.content
---
[]
