---
source: src/lib.rs
expression: doc.content
---
- BulletList:
    items:
      - content: Single item
        segments: ~
        level: 0
        children: []
        nested_content: []
