---
source: src/lib.rs
expression: doc.outline
---
- content: Parent item
  level: 0
  children:
    - content: Child item
      level: 1
      children: []
      metadata: {}
    - content: Another child
      level: 1
      children: []
      metadata: {}
  metadata: {}
- content: Second parent
  level: 0
  children: []
  metadata: {}
