---
source: src/lib.rs
expression: doc.content
---
- BulletList:
    items:
      - content: Another child
        level: 0
        children: []
      - content: Second parent
        level: 0
        children: []
