---
source: src/lib.rs
expression: doc.content
---
[]
